// Jest Snapshot v1, https://goo.gl/fbAQLP

exports[`AssetDetailsPanel renders correctly 1`] = `
<div>
  <div
    className="ant-table-wrapper"
    style={
      Object {
        "backgroundColor": "white",
        "borderRadius": "5px",
        "color": "rgba(0, 0, 0, 0.45)",
      }
    }
  >
    <div
      className="ant-spin-nested-loading"
    >
      <div
        className="ant-spin-container"
      >
        <div
          className="ant-table ant-table-default ant-table-bordered ant-table-without-column-header ant-table-scroll-position-left"
          style={Object {}}
        >
          <div
            className="ant-table-content"
          >
            <div
              className="ant-table-body"
              onScroll={[Function]}
              onWheel={[Function]}
              style={Object {}}
            >
              <table
                className=""
                style={Object {}}
              >
                <colgroup>
                  <col
                    style={
                      Object {
                        "minWidth": undefined,
                        "width": undefined,
                      }
                    }
                  />
                  <col
                    style={
                      Object {
                        "minWidth": undefined,
                        "width": undefined,
                      }
                    }
                  />
                </colgroup>
                <tbody
                  className="ant-table-tbody"
                >
                  <tr
                    className="ant-table-row ant-table-row-level-0"
                    data-row-key="SOURCE_DB"
                    onClick={[Function]}
                    onContextMenu={[Function]}
                    onDoubleClick={[Function]}
                    onMouseEnter={[Function]}
                    onMouseLeave={[Function]}
                    style={
                      Object {
                        "height": null,
                      }
                    }
                  >
                    <td
                      className=""
                      onClick={[Function]}
                    >
                      <span
                        className="ant-table-row-indent indent-level-0"
                        style={
                          Object {
                            "paddingLeft": "0px",
                          }
                        }
                      />
                      SOURCE_DB
                    </td>
                    <td
                      className=""
                      onClick={[Function]}
                    >
                      workmate
                    </td>
                  </tr>
                  <tr
                    className="ant-table-row ant-table-row-level-0"
                    data-row-key="SOURCE_TABLE"
                    onClick={[Function]}
                    onContextMenu={[Function]}
                    onDoubleClick={[Function]}
                    onMouseEnter={[Function]}
                    onMouseLeave={[Function]}
                    style={
                      Object {
                        "height": null,
                      }
                    }
                  >
                    <td
                      className=""
                      onClick={[Function]}
                    >
                      <span
                        className="ant-table-row-indent indent-level-0"
                        style={
                          Object {
                            "paddingLeft": "0px",
                          }
                        }
                      />
                      SOURCE_TABLE
                    </td>
                    <td
                      className=""
                      onClick={[Function]}
                    >
                      wmate_dba.wmt_location
                    </td>
                  </tr>
                  <tr
                    className="ant-table-row ant-table-row-level-0"
                    data-row-key="WMT_LOCATION_ID"
                    onClick={[Function]}
                    onContextMenu={[Function]}
                    onDoubleClick={[Function]}
                    onMouseEnter={[Function]}
                    onMouseLeave={[Function]}
                    style={
                      Object {
                        "height": null,
                      }
                    }
                  >
                    <td
                      className=""
                      onClick={[Function]}
                    >
                      <span
                        className="ant-table-row-indent indent-level-0"
                        style={
                          Object {
                            "paddingLeft": "0px",
                          }
                        }
                      />
                      WMT_LOCATION_ID
                    </td>
                    <td
                      className=""
                      onClick={[Function]}
                    >
                      1004
                    </td>
                  </tr>
                  <tr
                    className="ant-table-row ant-table-row-level-0"
                    data-row-key="WMT_LOCATION_WORKSTART"
                    onClick={[Function]}
                    onContextMenu={[Function]}
                    onDoubleClick={[Function]}
                    onMouseEnter={[Function]}
                    onMouseLeave={[Function]}
                    style={
                      Object {
                        "height": null,
                      }
                    }
                  >
                    <td
                      className=""
                      onClick={[Function]}
                    >
                      <span
                        className="ant-table-row-indent indent-level-0"
                        style={
                          Object {
                            "paddingLeft": "0px",
                          }
                        }
                      />
                      WMT_LOCATION_WORKSTART
                    </td>
                    <td
                      className=""
                      onClick={[Function]}
                    >
                      1999-09-01 07:00:00
                    </td>
                  </tr>
                  <tr
                    className="ant-table-row ant-table-row-level-0"
                    data-row-key="latestUpdateTimeSource"
                    onClick={[Function]}
                    onContextMenu={[Function]}
                    onDoubleClick={[Function]}
                    onMouseEnter={[Function]}
                    onMouseLeave={[Function]}
                    style={
                      Object {
                        "height": null,
                      }
                    }
                  >
                    <td
                      className=""
                      onClick={[Function]}
                    >
                      <span
                        className="ant-table-row-indent indent-level-0"
                        style={
                          Object {
                            "paddingLeft": "0px",
                          }
                        }
                      />
                      latestUpdateTimeSource
                    </td>
                    <td
                      className=""
                      onClick={[Function]}
                    >
                      1552471210000
                    </td>
                  </tr>
                </tbody>
              </table>
            </div>
          </div>
        </div>
      </div>
    </div>
  </div>
  <div
    className="ant-table-wrapper"
    style={
      Object {
        "backgroundColor": "white",
        "borderRadius": "5px",
        "color": "rgba(0, 0, 0, 0.45)",
      }
    }
  >
    <div
      className="ant-spin-nested-loading"
    >
      <div
        className="ant-spin-container"
      >
        <div
          className="ant-table ant-table-default ant-table-bordered ant-table-empty ant-table-without-column-header ant-table-scroll-position-left"
          style={Object {}}
        >
          <div
            className="ant-table-content"
          >
            <div
              className="ant-table-body"
              onScroll={[Function]}
              onWheel={[Function]}
              style={Object {}}
            >
              <table
                className=""
                style={Object {}}
              >
                <colgroup>
                  <col
                    style={
                      Object {
                        "minWidth": undefined,
                        "width": undefined,
                      }
                    }
                  />
                  <col
                    style={
                      Object {
                        "minWidth": undefined,
                        "width": undefined,
                      }
                    }
                  />
                </colgroup>
                <tbody
                  className="ant-table-tbody"
                />
              </table>
            </div>
            <div
              className="ant-table-placeholder"
            >
              <div
                className="ant-empty ant-empty-normal"
              >
                <div
                  className="ant-empty-image"
                >
                  <img
                    alt="No Data"
                    src="data:image/svg+xml;base64,PHN2ZyB3aWR0aD0iNjQiIGhlaWdodD0iNDEiIHhtbG5zPSJodHRwOi8vd3d3LnczLm9yZy8yMDAwL3N2ZyI+CiAgPGcgdHJhbnNmb3JtPSJ0cmFuc2xhdGUoMCAxKSIgZmlsbD0ibm9uZSIgZmlsbC1ydWxlPSJldmVub2RkIj4KICAgIDxlbGxpcHNlIGZpbGw9IiNGNUY1RjUiIGN4PSIzMiIgY3k9IjMzIiByeD0iMzIiIHJ5PSI3Ii8+CiAgICA8ZyBmaWxsLXJ1bGU9Im5vbnplcm8iIHN0cm9rZT0iI0Q5RDlEOSI+CiAgICAgIDxwYXRoIGQ9Ik01NSAxMi43Nkw0NC44NTQgMS4yNThDNDQuMzY3LjQ3NCA0My42NTYgMCA0Mi45MDcgMEgyMS4wOTNjLS43NDkgMC0xLjQ2LjQ3NC0xLjk0NyAxLjI1N0w5IDEyLjc2MVYyMmg0NnYtOS4yNHoiLz4KICAgICAgPHBhdGggZD0iTTQxLjYxMyAxNS45MzFjMC0xLjYwNS45OTQtMi45MyAyLjIyNy0yLjkzMUg1NXYxOC4xMzdDNTUgMzMuMjYgNTMuNjggMzUgNTIuMDUgMzVoLTQwLjFDMTAuMzIgMzUgOSAzMy4yNTkgOSAzMS4xMzdWMTNoMTEuMTZjMS4yMzMgMCAyLjIyNyAxLjMyMyAyLjIyNyAyLjkyOHYuMDIyYzAgMS42MDUgMS4wMDUgMi45MDEgMi4yMzcgMi45MDFoMTQuNzUyYzEuMjMyIDAgMi4yMzctMS4zMDggMi4yMzctMi45MTN2LS4wMDd6IiBmaWxsPSIjRkFGQUZBIi8+CiAgICA8L2c+CiAgPC9nPgo8L3N2Zz4K"
                  />
                </div>
                <p
                  className="ant-empty-description"
                >
                  No Data
                </p>
              </div>
            </div>
          </div>
        </div>
      </div>
    </div>
  </div>
</div>
`;
