// Jest Snapshot v1, https://goo.gl/fbAQLP

exports[`AssetEventsPanel renders correctly 1`] = `
<div
  className="ant-table-wrapper sc-bdVaJa bDWFJH"
>
  <div
    className="ant-spin-nested-loading"
  >
    <div
      className="ant-spin-container"
    >
      <div
        className="ant-table ant-table-default ant-table-scroll-position-left"
        style={Object {}}
      >
        <div
          className="ant-table-content"
        >
          <div
            className="ant-table-body"
            onScroll={[Function]}
            onWheel={[Function]}
            style={Object {}}
          >
            <table
              className=""
              style={Object {}}
            >
              <colgroup>
                <col
                  style={
                    Object {
                      "minWidth": undefined,
                      "width": undefined,
                    }
                  }
                />
                <col
                  style={
                    Object {
                      "minWidth": undefined,
                      "width": undefined,
                    }
                  }
                />
                <col
                  style={
                    Object {
                      "minWidth": undefined,
                      "width": undefined,
                    }
                  }
                />
                <col
                  style={
                    Object {
                      "minWidth": undefined,
                      "width": undefined,
                    }
                  }
                />
              </colgroup>
              <thead
                className="ant-table-thead"
              >
                <tr
                  style={
                    Object {
                      "height": null,
                    }
                  }
                >
                  <th
                    className=""
                  >
                    <span
                      className="ant-table-header-column"
                    >
                      <div>
                        <span
                          className="ant-table-column-title"
                        >
                          Type / Subtype
                        </span>
                        <span
                          className="ant-table-column-sorter"
                        />
                      </div>
                    </span>
                  </th>
                  <th
                    className=""
                  >
                    <span
                      className="ant-table-header-column"
                    >
                      <div>
                        <span
                          className="ant-table-column-title"
                        >
                          Description
                        </span>
                        <span
                          className="ant-table-column-sorter"
                        />
                      </div>
                    </span>
                  </th>
                  <th
                    className=""
                  >
                    <span
                      className="ant-table-header-column"
                    >
                      <div>
                        <span
                          className="ant-table-column-title"
                        >
                          Start
                        </span>
                        <span
                          className="ant-table-column-sorter"
                        />
                      </div>
                    </span>
                  </th>
                  <th
                    className=""
                  >
                    <span
                      className="ant-table-header-column"
                    >
                      <div>
                        <span
                          className="ant-table-column-title"
                        >
                          End
                        </span>
                        <span
                          className="ant-table-column-sorter"
                        />
                      </div>
                    </span>
                  </th>
                </tr>
              </thead>
              <tbody
                className="ant-table-tbody"
              >
                <tr
                  className="sc-bwzfXH kByjcP"
                  onClick={[Function]}
                >
                  <td
                    className="sc-htpNat irDPrN"
                  >
                    <span
                      className="ant-table-row-indent indent-level-0"
                      style={
                        Object {
                          "paddingLeft": "0px",
                        }
                      }
                    />
                    <span>
                      // @ts-ignore // TODO: Remove @ts-ignore one SDK will be fixed
                      <strong
                        style={
                          Object {
                            "display": "block",
                          }
                        }
                      />
                      // @ts-ignore // TODO: Remove @ts-ignore one SDK will be fixed
                      <span
                        style={
                          Object {
                            "fontSize": 12,
                            "opacity": 0.8,
                          }
                        }
                      />
                    </span>
                  </td>
                  <td
                    className="sc-htpNat irDPrN"
                  >
                    Lorem ipsum dolor sit amet, consectetur adipiscing elit.
                  </td>
                  <td
                    className="sc-htpNat irDPrN"
                  >
                    April 24, 2019 3:35 PM
                  </td>
                  <td
                    className="sc-htpNat irDPrN"
                  >
                    Ongoing
                  </td>
                </tr>
                <tr
                  className="sc-bwzfXH kByjcP"
                  onClick={[Function]}
                >
                  <td
                    className="sc-htpNat irDPrN"
                  >
                    <span
                      className="ant-table-row-indent indent-level-0"
                      style={
                        Object {
                          "paddingLeft": "0px",
                        }
                      }
                    />
                    <span>
                      // @ts-ignore // TODO: Remove @ts-ignore one SDK will be fixed
                      <strong
                        style={
                          Object {
                            "display": "block",
                          }
                        }
                      />
                      // @ts-ignore // TODO: Remove @ts-ignore one SDK will be fixed
                      <span
                        style={
                          Object {
                            "fontSize": 12,
                            "opacity": 0.8,
                          }
                        }
                      />
                    </span>
                  </td>
                  <td
                    className="sc-htpNat irDPrN"
                  >
                    sed do eiusmod tempor incididunt ut labore et dolore magna aliqua.Ut enim ad minim veniam, quis nostrud exercitation ullamco laboris nisi ut aliquip ex ea commodo consequat.
                  </td>
                  <td
                    className="sc-htpNat irDPrN"
                  >
                    April 27, 2019 3:35 PM
                  </td>
                  <td
                    className="sc-htpNat irDPrN"
                  >
                    April 30, 2019 3:35 PM
                  </td>
                </tr>
                <tr
                  className="sc-bwzfXH kByjcP"
                  onClick={[Function]}
                >
                  <td
                    className="sc-htpNat irDPrN"
                  >
                    <span
                      className="ant-table-row-indent indent-level-0"
                      style={
                        Object {
                          "paddingLeft": "0px",
                        }
                      }
                    />
                    <span>
                      // @ts-ignore // TODO: Remove @ts-ignore one SDK will be fixed
                      <strong
                        style={
                          Object {
                            "display": "block",
                          }
                        }
                      />
                      // @ts-ignore // TODO: Remove @ts-ignore one SDK will be fixed
                      <span
                        style={
                          Object {
                            "fontSize": 12,
                            "opacity": 0.8,
                          }
                        }
                      />
                    </span>
                  </td>
                  <td
                    className="sc-htpNat irDPrN"
                  >
                    Duis aute irure dolor in reprehenderit in voluptate velit esse cillum dolore eu fugiat nulla pariatur.
                  </td>
                  <td
                    className="sc-htpNat irDPrN"
                  >
                    May 7, 2019 3:35 PM
                  </td>
                  <td
                    className="sc-htpNat irDPrN"
                  >
                    May 14, 2019 3:35 PM
                  </td>
                </tr>
                <tr
                  className="sc-bwzfXH kByjcP"
                  onClick={[Function]}
                >
                  <td
                    className="sc-htpNat irDPrN"
                  >
                    <span
                      className="ant-table-row-indent indent-level-0"
                      style={
                        Object {
                          "paddingLeft": "0px",
                        }
                      }
                    />
                    <span>
                      // @ts-ignore // TODO: Remove @ts-ignore one SDK will be fixed
                      <strong
                        style={
                          Object {
                            "display": "block",
                          }
                        }
                      />
                      // @ts-ignore // TODO: Remove @ts-ignore one SDK will be fixed
                      <span
                        style={
                          Object {
                            "fontSize": 12,
                            "opacity": 0.8,
                          }
                        }
                      />
                    </span>
                  </td>
                  <td
                    className="sc-htpNat irDPrN"
                  >
                    Excepteur sint occaecat cupidatat non proident
                  </td>
                  <td
                    className="sc-htpNat irDPrN"
                  >
                    April 4, 2019 3:35 PM
                  </td>
                  <td
                    className="sc-htpNat irDPrN"
                  >
                    April 14, 2019 3:35 PM
                  </td>
                </tr>
                <tr
                  className="sc-bwzfXH kByjcP"
                  onClick={[Function]}
                >
                  <td
                    className="sc-htpNat irDPrN"
                  >
                    <span
                      className="ant-table-row-indent indent-level-0"
                      style={
                        Object {
                          "paddingLeft": "0px",
                        }
                      }
                    />
                    <span>
                      // @ts-ignore // TODO: Remove @ts-ignore one SDK will be fixed
                      <strong
                        style={
                          Object {
                            "display": "block",
                          }
                        }
                      />
                      // @ts-ignore // TODO: Remove @ts-ignore one SDK will be fixed
                      <span
                        style={
                          Object {
                            "fontSize": 12,
                            "opacity": 0.8,
                          }
                        }
                      />
                    </span>
                  </td>
                  <td
                    className="sc-htpNat irDPrN"
                  >
                    Sunt in culpa qui officia deserunt mollit anim id est laborum.
                  </td>
                  <td
                    className="sc-htpNat irDPrN"
                  >
                    June 6, 2019 3:35 PM
                  </td>
                  <td
                    className="sc-htpNat irDPrN"
                  >
                    June 13, 2019 3:35 PM
                  </td>
                </tr>
                <tr
                  className="sc-bwzfXH kByjcP"
                  onClick={[Function]}
                >
                  <td
                    className="sc-htpNat irDPrN"
                  >
                    <span
                      className="ant-table-row-indent indent-level-0"
                      style={
                        Object {
                          "paddingLeft": "0px",
                        }
                      }
                    />
                    <span>
                      // @ts-ignore // TODO: Remove @ts-ignore one SDK will be fixed
                      <strong
                        style={
                          Object {
                            "display": "block",
                          }
                        }
                      />
                      // @ts-ignore // TODO: Remove @ts-ignore one SDK will be fixed
                      <span
                        style={
                          Object {
                            "fontSize": 12,
                            "opacity": 0.8,
                          }
                        }
                      />
                    </span>
                  </td>
                  <td
                    className="sc-htpNat irDPrN"
                  >
                    No description
                  </td>
                  <td
                    className="sc-htpNat irDPrN"
                  >
                    -
                  </td>
                  <td
                    className="sc-htpNat irDPrN"
                  >
                    Ongoing
                  </td>
                </tr>
              </tbody>
            </table>
          </div>
        </div>
      </div>
      <ul
        className="ant-pagination ant-table-pagination"
        style={Object {}}
        unselectable="unselectable"
      >
        <li
          aria-disabled={true}
          className="ant-pagination-disabled ant-pagination-prev"
          onClick={[Function]}
          onKeyPress={[Function]}
          tabIndex={null}
          title="Previous Page"
        >
          <a
            className="ant-pagination-item-link"
          >
            <i
              aria-label="icon: left"
              className="anticon anticon-left"
            >
              <svg
                aria-hidden="true"
                className=""
                data-icon="left"
                fill="currentColor"
                focusable="false"
                height="1em"
                viewBox="64 64 896 896"
                width="1em"
              >
                <path
                  d="M724 218.3V141c0-6.7-7.7-10.4-12.9-6.3L260.3 486.8a31.86 31.86 0 0 0 0 50.3l450.8 352.1c5.3 4.1 12.9.4 12.9-6.3v-77.3c0-4.9-2.3-9.6-6.1-12.6l-360-281 360-281.1c3.8-3 6.1-7.7 6.1-12.6z"
                />
              </svg>
            </i>
          </a>
        </li>
        <li
          className="ant-pagination-item ant-pagination-item-1 ant-pagination-item-active"
          onClick={[Function]}
          onKeyPress={[Function]}
          tabIndex="0"
          title={1}
        >
          <a>
            1
          </a>
        </li>
        <li
          aria-disabled={true}
          className="ant-pagination-disabled ant-pagination-next"
          onClick={[Function]}
          onKeyPress={[Function]}
          tabIndex={null}
          title="Next Page"
        >
          <a
            className="ant-pagination-item-link"
          >
            <i
              aria-label="icon: right"
              className="anticon anticon-right"
            >
              <svg
                aria-hidden="true"
                className=""
                data-icon="right"
                fill="currentColor"
                focusable="false"
                height="1em"
                viewBox="64 64 896 896"
                width="1em"
              >
                <path
                  d="M765.7 486.8L314.9 134.7A7.97 7.97 0 0 0 302 141v77.3c0 4.9 2.3 9.6 6.1 12.6l360 281.1-360 281.1c-3.9 3-6.1 7.7-6.1 12.6V883c0 6.7 7.7 10.4 12.9 6.3l450.8-352.1a31.96 31.96 0 0 0 0-50.4z"
                />
              </svg>
            </i>
          </a>
        </li>
      </ul>
    </div>
  </div>
</div>
`;
