// Jest Snapshot v1, https://goo.gl/fbAQLP

exports[`HoverablePreview basic renders correctly 1`] = `
<div
  className="hp-wrapper sc-ifAKCX elMEqD"
>
  <div
    className="hp-displayicon sc-bxivhb kEsdhe"
    onClick={[Function]}
    onMouseLeave={[Function]}
    onMouseOver={[Function]}
    style={
      Object {
        "display": "none",
      }
    }
  >
    <i
      aria-label="icon: question-circle"
      className="anticon anticon-question-circle"
    >
      <svg
        aria-hidden="true"
        className=""
        data-icon="question-circle"
        fill="currentColor"
        focusable="false"
        height="1em"
        viewBox="64 64 896 896"
        width="1em"
      >
        <path
          d="M512 64C264.6 64 64 264.6 64 512s200.6 448 448 448 448-200.6 448-448S759.4 64 512 64zm0 820c-205.4 0-372-166.6-372-372s166.6-372 372-372 372 166.6 372 372-166.6 372-372 372z"
        />
        <path
          d="M623.6 316.7C593.6 290.4 554 276 512 276s-81.6 14.5-111.6 40.7C369.2 344 352 380.7 352 420v7.6c0 4.4 3.6 8 8 8h48c4.4 0 8-3.6 8-8V420c0-44.1 43.1-80 96-80s96 35.9 96 80c0 31.1-22 59.6-56.1 72.7-21.2 8.1-39.2 22.3-52.1 40.9-13.1 19-19.9 41.8-19.9 64.9V620c0 4.4 3.6 8 8 8h48c4.4 0 8-3.6 8-8v-22.7a48.3 48.3 0 0 1 30.9-44.8c59-22.7 97.1-74.7 97.1-132.5.1-39.3-17.1-76-48.3-103.3zM472 732a40 40 0 1 0 80 0 40 40 0 1 0-80 0z"
        />
      </svg>
    </i>
  </div>
  <div
    className="hp-preview sc-EHOje fdVKtR"
  >
    <div
      className="hp-header sc-bwzfXH joaCVf"
    >
      <span
        className="hp-title sc-htpNat dDvXVh"
      >
        Test
      </span>
      <div
        className="hp-close sc-bxivhb kEsdhe"
      >
        <i
          aria-label="icon: close"
          className="anticon anticon-close"
        >
          <svg
            aria-hidden="true"
            className=""
            data-icon="close"
            fill="currentColor"
            focusable="false"
            height="1em"
            viewBox="64 64 896 896"
            width="1em"
          >
            <path
              d="M563.8 512l262.5-312.9c4.4-5.2.7-13.1-6.1-13.1h-79.8c-4.7 0-9.2 2.1-12.3 5.7L511.6 449.8 295.1 191.7c-3-3.6-7.5-5.7-12.3-5.7H203c-6.8 0-10.5 7.9-6.1 13.1L459.4 512 196.9 824.9A7.95 7.95 0 0 0 203 838h79.8c4.7 0 9.2-2.1 12.3-5.7l216.5-258.1 216.5 258.1c3 3.6 7.5 5.7 12.3 5.7h79.8c6.8 0 10.5-7.9 6.1-13.1L563.8 512z"
            />
          </svg>
        </i>
      </div>
    </div>
  </div>
</div>
`;
